// Jest Snapshot v1, https://goo.gl/fbAQLP

exports[`HierarchicalOutlineVisualization renders simple datasets 1`] = `
"<div><div class=\\"v-input v-input--is-label-active v-input--is-dirty theme--light v-text-field v-text-field--single-line v-text-field--enclosed v-text-field--outlined\\" style=\\"margin-bottom: -26px;\\"><div class=\\"v-input__control\\"><div class=\\"v-input__slot\\"><fieldset aria-hidden=\\"true\\"><legend><span>â€‹</span></legend></fieldset><div class=\\"v-text-field__slot\\"><input name=\\"tree_search\\" id=\\"tree_search\\" type=\\"text\\"></div><div class=\\"v-input__append-inner\\"><div class=\\"v-input__icon v-input__icon--append\\"><i aria-hidden=\\"true\\" class=\\"v-icon notranslate mdi mdi-magnify theme--light\\"></i></div></div></div><div class=\\"v-text-field__details\\"><div class=\\"v-messages theme--light\\"><span name=\\"message-transition\\" tag=\\"div\\" class=\\"v-messages__wrapper\\"></span></div></div></div></div> <div id=\\"searchtree\\" class=\\"treeView multi\\"></div> <div id=\\"tree_data\\"><p>
            Click on a node in the tree to see the peptides associated with that organism.
            Double-click to focus on it.
        </p></div></div>"
`;
