// Jest Snapshot v1, https://goo.gl/fbAQLP

exports[`LoadPrideDatasetCard correctly fires create-assay event 1`] = `
"<div class=\\"v-card v-card--flat v-sheet theme--light\\"><div class=\\"v-card__text\\"><h3>Load data from the PRIDE archive</h3> <p>You can easily load data from the <a href=\\"http://www.ebi.ac.uk/pride/\\" target=\\"_blank\\">PRIDE</a> data repository. Simply enter an assay id (e.g. 8500) in the field below and click the 'Load PRIDE Dataset' button. The corresponding dataset will then be fetched using the PRIDE API and loaded into the search form on the left.</p> <form novalidate=\\"novalidate\\" class=\\"v-form\\"><div class=\\"v-input theme--light v-text-field v-text-field--placeholder\\"><div class=\\"v-input__control\\"><div class=\\"v-input__slot\\"><div class=\\"v-text-field__slot\\"><label for=\\"input-7\\" class=\\"v-label v-label--active theme--light\\" style=\\"left: 0px; position: absolute;\\">Assay id</label><input id=\\"input-7\\" placeholder=\\"e.g. 8500\\" type=\\"text\\"></div><div class=\\"v-input__append-inner\\"><div class=\\"v-input__icon v-input__icon--\\"><i role=\\"button\\" class=\\"v-icon notranslate v-icon--link material-icons theme--light\\"></i></div></div></div><div class=\\"v-text-field__details\\"><div class=\\"v-messages theme--light\\"><span name=\\"message-transition\\" tag=\\"div\\" class=\\"v-messages__wrapper\\"></span></div></div></div></div></form> <div class=\\"card-actions\\"><button type=\\"button\\" class=\\"v-btn v-btn--contained theme--light v-size--default\\"><span class=\\"v-btn__content\\"><i aria-hidden=\\"true\\" class=\\"v-icon notranslate v-icon--left mdi mdi-cloud-download theme--light\\"></i>
                Fetch PRIDE dataset
            </span></button> <!----></div> <form novalidate=\\"novalidate\\" class=\\"v-form\\"><div class=\\"v-input v-textarea theme--light v-text-field\\"><div class=\\"v-input__control\\"><div class=\\"v-input__slot\\"><div class=\\"v-text-field__slot\\"><label for=\\"input-15\\" class=\\"v-label theme--light\\" style=\\"left: 0px; position: absolute;\\">Peptide list</label><textarea name=\\"qs\\" spellcheck=\\"false\\" id=\\"input-15\\" rows=\\"7\\"></textarea></div></div><div class=\\"v-text-field__details\\"><div class=\\"v-messages theme--light\\"><span name=\\"message-transition\\" tag=\\"div\\" class=\\"v-messages__wrapper\\"></span></div></div></div></div> <span class=\\"v-tooltip v-tooltip--top\\"><div class=\\"v-tooltip__content\\" style=\\"left: 0px; max-width: auto; opacity: 0; top: 12px; z-index: 0; display: none;\\"></div><div class=\\"v-input theme--light v-text-field v-text-field--placeholder\\"><div class=\\"v-input__control\\"><div class=\\"v-input__slot\\"><div class=\\"v-text-field__slot\\"><label for=\\"input-20\\" class=\\"v-label v-label--active theme--light\\" style=\\"left: 0px; position: absolute;\\">Name this dataset</label><input name=\\"search_name\\" id=\\"input-20\\" placeholder=\\"e.g. Sample B5\\" type=\\"text\\"></div><div class=\\"v-input__append-inner\\"><div class=\\"v-input__icon v-input__icon--\\"><i role=\\"button\\" class=\\"v-icon notranslate v-icon--link material-icons theme--light\\"></i></div></div></div><div class=\\"v-text-field__details\\"><div class=\\"v-messages theme--light\\"><span name=\\"message-transition\\" tag=\\"div\\" class=\\"v-messages__wrapper\\"></span></div></div></div></div></span> <span class=\\"v-tooltip v-tooltip--top\\"><div class=\\"v-tooltip__content\\" style=\\"left: 0px; max-width: auto; opacity: 0; top: 12px; z-index: 0; display: none;\\"></div><div class=\\"v-input v-input--hide-details v-input--is-label-active v-input--is-dirty theme--light v-input--selection-controls v-input--checkbox accent--text\\"><div class=\\"v-input__control\\"><div class=\\"v-input__slot\\"><div class=\\"v-input--selection-controls__input\\"><input aria-checked=\\"true\\" id=\\"input-26\\" role=\\"checkbox\\" type=\\"checkbox\\" value=\\"\\"><div class=\\"v-input--selection-controls__ripple accent--text\\"></div><i aria-hidden=\\"true\\" class=\\"v-icon notranslate mdi mdi-checkbox-marked theme--light accent--text\\"></i></div><label for=\\"input-26\\" class=\\"v-label theme--light\\" style=\\"left: 0px; position: relative;\\"><span>Store dataset in browser's local storage</span></label></div></div></div></span></form> <div class=\\"card-actions\\"><button type=\\"button\\" class=\\"v-btn v-btn--contained theme--light v-size--default\\"><span class=\\"v-btn__content\\"><i aria-hidden=\\"true\\" class=\\"v-icon notranslate v-icon--left mdi mdi-plus theme--light\\"></i>
                Add to selected datasets
            </span></button></div> <div class=\\"vue-snackbar-container\\"><!----></div></div></div>"
`;
