// Jest Snapshot v1, https://goo.gl/fbAQLP

exports[`SingleEcSummaryCard displays the correct trust line 1`] = `Wrapper {}`;
